This is TeX, Version 3.14159 (C version 6.1) (format=latex 96.9.6)  30 MAR 2000 13:35
**./images.tex
(images.tex
LaTeX2e <1996/06/01>
Hyphenation patterns for english, german, loaded.

(/usr/local/teTeX/texmf/tex/latex/base/latex209.def
File: latex209.def 1996/05/21 v0.51 Standard LaTeX file
Entering LaTeX 2.09 compatibility mode.
\footheight=\dimen102
\@maxsep=\dimen103
\@dblmaxsep=\dimen104
\@cla=\count79
\@clb=\count80
\mscount=\count81
(/usr/local/teTeX/texmf/tex/latex/base/tracefnt.sty
Package: tracefnt 1996/05/08 v3.0h Standard LaTeX package (font tracing)
\tracingfonts=\count82
LaTeX Info: Redefining \selectfont on input line 139.
)
\symbold=\mathgroup4
\symsans=\mathgroup5
\symtypewriter=\mathgroup6
\symitalic=\mathgroup7
\symsmallcaps=\mathgroup8
\symslanted=\mathgroup9
LaTeX Font Info:    Redeclaring math alphabet \mathbf on input line 307.
LaTeX Font Info:    Redeclaring math alphabet \mathsf on input line 308.
LaTeX Font Info:    Redeclaring math alphabet \mathtt on input line 309.
LaTeX Font Info:    Redeclaring math alphabet \mathit on input line 315.
LaTeX Info: Redefining \em on input line 325.
(/usr/local/teTeX/texmf/tex/latex/base/latexsym.sty
Package: latexsym 1995/11/28 v2.2c Standard LaTeX package (lasy symbols)
\symlasy=\mathgroup10
LaTeX Font Info:    Overwriting symbol font `lasy' in version `bold'
(Font)                  U/lasy/m/n --> U/lasy/b/n on input line 86.
)
LaTeX Font Info:    Redeclaring math delimiter \lgroup on input line 389.
LaTeX Font Info:    Redeclaring math delimiter \rgroup on input line 391.
LaTeX Font Info:    Redeclaring math delimiter \bracevert on input line 393.
(/usr/local/teTeX/texmf/tex/latex/config/latex209.cfg (/usr/local/teTeX/texmf/t
ex/latex/tools/rawfonts.sty
Compatibility mode: package `' requested, but `rawfonts' provided.
Package: rawfonts 1994/05/08 Low-level LaTeX 2.09 font compatibility
(/usr/local/teTeX/texmf/tex/latex/tools/somedefs.sty
Package: somedefs 1994/06/01 Toolkit for optional definitions
)
LaTeX Font Info:    Try loading font information for U+lasy on input line 36.
(/usr/local/teTeX/texmf/tex/latex/base/Ulasy.fd
File: Ulasy.fd 1995/11/28 v2.2cLaTeX symbol font definitions
)))) (/usr/local/teTeX/texmf/tex/latex/base/article.cls
Document Class: article 1996/05/26 v1.3r Standard LaTeX document class
(/usr/local/teTeX/texmf/tex/latex/base/size10.clo
File: size10.clo 1996/05/26 v1.3r Standard LaTeX file (size option)
)
\c@part=\count83
\c@section=\count84
\c@subsection=\count85
\c@subsubsection=\count86
\c@paragraph=\count87
\c@subparagraph=\count88
\c@figure=\count89
\c@table=\count90
\abovecaptionskip=\skip41
\belowcaptionskip=\skip42
Compatibility mode: definition of \rm ignored.
Compatibility mode: definition of \sf ignored.
Compatibility mode: definition of \tt ignored.
Compatibility mode: definition of \bf ignored.
Compatibility mode: definition of \it ignored.
Compatibility mode: definition of \sl ignored.
Compatibility mode: definition of \sc ignored.
LaTeX Info: Redefining \cal on input line 543.
LaTeX Info: Redefining \mit on input line 544.
\bibindent=\dimen105
) (/usr/local/teTeX/texmf/tex/pstricks/inputs/pstricks.sty (/usr/local/teTeX/te
xmf/tex/pstricks/inputs/pstricks.tex
`PSTricks' v0.93a  <93/03/12> (tvz)
\pst@dima=\dimen106
\pst@dimb=\dimen107
\pst@dimc=\dimen108
\pst@dimd=\dimen109
\pst@dimg=\dimen110
\pst@dimh=\dimen111
\pst@hbox=\box26
\pst@boxg=\box27
\pst@cnta=\count91
\pst@cntb=\count92
\pst@cntc=\count93
\pst@cntd=\count94
\pst@cntg=\count95
\pst@cnth=\count96
(/usr/local/teTeX/texmf/tex/pstricks/inputs/pstricks.con)
\psunit=\dimen112
\psxunit=\dimen113
\psyunit=\dimen114
\pslinewidth=\dimen115
\pst@customdefs=\toks15
\pslinearc=\dimen116
\everypsbox=\toks16
\psframesep=\dimen117
\pslabelsep=\dimen118
\theoverlaybox=\box28
)) (/usr/local/teTeX/texmf/tex/pstricks/inputs/charpath.sty (/usr/local/teTeX/t
exmf/tex/pstricks/inputs/charpath.tex  v0.93a, 93/03/12)) (/usr/local/teTeX/tex
mf/tex/pstricks/inputs/pstricks.tex) (/usr/local/teTeX/texmf/tex/pstricks/input
s/multido.tex  v1.4, 93/01/14 <tvz>
\multido@count=\count97
\multidocount=\count98
\multido@stuff=\toks17
) (/usr/local/teTeX/texmf/tex/generic/dvips/epsf.tex
\epsffilein=\read1
\epsfxsize=\dimen119
\epsfysize=\dimen120
\epsftsize=\dimen121
\epsfrsize=\dimen122
\epsftmp=\dimen123
\pspoints=\dimen124
)
\sizebox=\box29
\lthtmlwrite=\write3
(images.aux (/scratch/rks/ecolab/doc/model.aux) (/scratch/rks/ecolab/doc/using.
aux) (/scratch/rks/ecolab/doc/spatial.aux) (/scratch/rks/ecolab/doc/tcl++.aux) 
(/scratch/rks/ecolab/doc/arrays.aux) (/scratch/rks/ecolab/doc/init_arrays.aux) 
(/scratch/rks/ecolab/doc/globals.aux) (/scratch/rks/ecolab/doc/generic.aux))
LaTeX Font Info:    Checking defaults for OML/cmm/m/it on input line 90.
LaTeX Font Info:    ... okay on input line 90.
LaTeX Font Info:    Checking defaults for T1/cmr/m/n on input line 90.
LaTeX Font Info:    ... okay on input line 90.
LaTeX Font Info:    Checking defaults for OT1/cmr/m/n on input line 90.
LaTeX Font Info:    ... okay on input line 90.
LaTeX Font Info:    Checking defaults for OMS/cmsy/m/n on input line 90.
LaTeX Font Info:    ... okay on input line 90.
LaTeX Font Info:    Checking defaults for OMX/cmex/m/n on input line 90.
LaTeX Font Info:    ... okay on input line 90.
LaTeX Font Info:    Checking defaults for U/cmr/m/n on input line 90.
LaTeX Font Info:    ... okay on input line 90.
latex2htmlLength hsize=349.0pt
latex2htmlLength vsize=620.0pt
latex2htmlLength hoffset=0.0pt
latex2htmlLength voffset=0.0pt
latex2htmlLength topmargin=0.0pt
latex2htmlLength topskip=0.00003pt
latex2htmlLength headheight=0.0pt
latex2htmlLength headsep=0.0pt
latex2htmlLength parskip=0.0pt plus 1.0pt
latex2htmlLength oddsidemargin=63.0pt
latex2htmlLength evensidemargin=63.0pt
LaTeX Font Info:    External font `cmex10' loaded for size
(Font)              <7> on input line 109.
LaTeX Font Info:    External font `cmex10' loaded for size
(Font)              <5> on input line 109.
LaTeX Font Info:    Font shape `U/lasy/b/n' in size <7> not available
(Font)              Font shape `U/lasy/m/n' tried instead on input line 110.
LaTeX Font Info:    Font shape `U/lasy/b/n' in size <5> not available
(Font)              Font shape `U/lasy/m/n' tried instead on input line 110.
l2hSize :displaymath84:13.94444pt::0.0pt::349.0pt.
[1


]
l2hSize :tex2html_wrap_inline443:6.45831pt::0.0pt::4.7361pt.
[2


]
l2hSize :tex2html_wrap_inline445:7.44444pt::7.44444pt::6.18402pt.
[3


]
l2hSize :tex2html_wrap_inline447:7.44444pt::7.44444pt::12.6991pt.
[4


]
l2hSize :displaymath92:13.94444pt::0.0pt::349.0pt.
[5


]
l2hSize :tex2html_wrap_inline461:6.81749pt::0.0pt::28.79617pt.
[6


]
l2hSize :tex2html_wrap_inline465:7.08334pt::0.0pt::10.46294pt.
[7


]
l2hSize :displaymath99:16.00005pt::0.0pt::349.0pt.
[8


]
l2hSize :tex2html_wrap_inline473:6.81749pt::0.0pt::10.46294pt.
[9


]
l2hSize :displaymath105:31.52795pt::0.0pt::349.0pt.
[10


]
l2hSize :displaymath114:25.7207pt::0.0pt::349.0pt.
[11


]
l2hSize :tex2html_wrap_inline489:9.48335pt::9.48335pt::41.57237pt.
[12


]
l2hSize :displaymath123:24.79865pt::0.0pt::349.0pt.
[13


]
l2hSize :tex2html_wrap_inline517:7.44444pt::7.44444pt::111.54633pt.
[14


]
l2hSize :tex2html_wrap_inline127:15.0001pt::15.0001pt::76.10414pt.
[15


]
l2hSize :tex2html_wrap_inline529:8.0pt::8.0pt::85.19417pt.
[16


]
l2hSize :tex2html_wrap_inline537:8.64003pt::8.64003pt::74.73123pt.
[17


]
l2hSize :displaymath133:62.81119pt::0.0pt::349.0pt.
[18


]
l2hSize :displaymath158:14.5pt::0.0pt::349.0pt.
[19


]
l2hSize :displaymath167:19.29858pt::0.0pt::349.0pt.
[20


]
l2hSize :displaymath173:14.47217pt::0.0pt::349.0pt.
[21


]
l2hSize :displaymath175:12.5896pt::0.0pt::349.0pt.
[22


]
l2hSize :displaymath181:14.5pt::0.0pt::349.0pt.
[23


]
l2hSize :tex2html_wrap_inline589:6.95831pt::6.95831pt::6.02548pt.
[24


]
l2hSize :tex2html_wrap_inline591:6.95831pt::6.95831pt::5.17015pt.
[25


]
l2hSize :tex2html_wrap_inline597:8.0pt::8.0pt::38.58287pt.
[26


]
l2hSize :tex2html_wrap_inline599:8.87892pt::0.0pt::35.18846pt.
[27


]
l2hSize :tex2html_wrap_inline601:6.45831pt::0.0pt::6.0729pt.
[28


]
l2hSize :tex2html_wrap_inline605:6.95831pt::6.95831pt::16.95605pt.
[29


]
l2hSize :tex2html_wrap_inline607:6.95831pt::6.95831pt::10.88315pt.
[30


]
l2hSize :tex2html_wrap_inline621:8.01782pt::8.01782pt::104.29051pt.
[31


]
l2hSize :tex2html_wrap_inline623:8.0pt::8.0pt::77.84682pt.
[32


]
l2hSize :tex2html_wrap_inline629:8.0pt::8.0pt::23.67828pt.
[33


]
l2hSize :tex2html_wrap_inline631:8.0pt::8.0pt::47.01152pt.
[34


]
l2hSize :tex2html_wrap_inline635:7.44444pt::7.44444pt::37.62033pt.
[35


] (/usr/local/teTeX/texmf/tex/pstricks/inputs/pst-node.tex)
Overfull \hbox (20.88567pt too wide) in paragraph at lines 390--391
[][] 
 []

l2hSize :figure210:199.1692pt::0.0pt::349.0pt.
[36


]
l2hSize :tex2html_wrap_inline1128:6.95831pt::6.95831pt::60.54584pt.
[37


]
l2hSize :tex2html_wrap_inline1132:6.95831pt::6.95831pt::72.43219pt.
[38


]
l2hSize :tex2html_wrap_inline1136:7.44444pt::7.44444pt::81.35352pt.
[39


]
l2hSize :tex2html_wrap_inline1140:6.95831pt::6.95831pt::65.74486pt.
[40


]
l2hSize :tex2html_wrap_inline984:7.44444pt::7.44444pt::104.63603pt.
[41


]
l2hSize :tex2html_wrap_inline1188:8.0pt::8.0pt::188.26234pt.
[42


]
l2hSize :tex2html_wrap_inline1194:6.95831pt::6.95831pt::14.08711pt.
[43


]
l2hSize :tex2html_wrap_inline1204:6.95831pt::6.95831pt::5.32408pt.
[44


]
l2hSize :tex2html_wrap_inline1206:8.0pt::8.0pt::39.33185pt.
[45


]
l2hSize :tex2html_wrap_inline1625:6.95831pt::6.95831pt::32.2222pt.
[46


]
l2hSize :tex2html_wrap_inline1668:6.45831pt::0.0pt::5.00002pt.
[47


]
l2hSize :tex2html_wrap_inline1883:8.0pt::8.0pt::164.44423pt.
[48


]
l2hSize :tex2html_wrap_inline2175:6.45831pt::0.0pt::16.11119pt.
[49


]
l2hSize :tex2html_wrap_inline2248:6.45831pt::0.0pt::7.7778pt.
[50


] (images.aux) ) 
Here is how much of TeX's memory you used:
 1626 strings out of 10915
 17147 string characters out of 72357
 68143 words of memory out of 262141
 4424 multiletter control sequences out of 9500
 25146 words of font info for 92 fonts, out of 150000 for 255
 14 hyphenation exceptions out of 607
 23i,18n,20p,321b,455s stack positions out of 300i,40n,60p,3000b,4000s

Output written on images.dvi (50 pages, 16348 bytes).
